// Vitest Snapshot v1, https://vitest.dev/guide/snapshot.html

exports[`flame renderer > pins both stripped and ANSI deterministic frames 1`] = `
"                                      
   ▃▆▇▇█▃▄▁                           
▆▇█▓████▓▓▒▂                          
░▒▓▓████▓▓▒░ ▃▅ ▄ ▅▂ ▄▁▁▃ ▂   ▁ ▂▁ ▃ ▄
界🌈project  approval     decision    
3 open · ⛔1 ✅1 ❓1 · oldest 3d · alt+s"
`;

exports[`flame renderer > pins both stripped and ANSI deterministic frames 2`] = `
"                                      
   [33m▃[0m[33m▆[0m[33m▇[0m[33m▇[0m[37m█[0m[33m▃[0m[33m▄[0m[31m▁[0m                           
[31m▆[0m[31m▇[0m[33m█[0m[33m▓[0m[37m█[0m[37m█[0m[37m█[0m[37m█[0m[33m▓[0m[33m▓[0m[31m▒[0m[31m▂[0m                          
[31m░[0m[31m▒[0m[33m▓[0m[33m▓[0m[37m█[0m[37m█[0m[37m█[0m[37m█[0m[33m▓[0m[33m▓[0m[31m▒[0m[31m░[0m [33m▃[0m[33m▅[0m [33m▄[0m [37m▅[0m[37m▂[0m [33m▄[0m[33m▁[0m[33m▁[0m[33m▃[0m [33m▂[0m   [33m▁[0m [33m▂[0m[33m▁[0m [33m▃[0m [33m▄[0m
[90m界🌈project [0m [90mapproval    [0m [90mdecision    [0m
[90m3 open · ⛔1 ✅1 ❓1 · oldest 3d · alt+s[0m"
`;
